\BOOKMARK [1][-]{section.1}{\376\377\000S\000y\000s\000t\000e\000m\000\040\000A\000r\000c\000h\000i\000t\000e\000c\000t\000u\000r\000e\000\040\000D\000i\000a\000g\000r\000a\000m}{}% 1
\BOOKMARK [1][-]{section.2}{\376\377\000P\000r\000o\000j\000e\000c\000t\000\040\000S\000u\000m\000m\000a\000r\000y}{}% 2
\BOOKMARK [1][-]{section.3}{\376\377\000R\000e\000p\000o\000s\000i\000t\000o\000r\000y\000\040\000L\000a\000y\000o\000u\000t}{}% 3
\BOOKMARK [1][-]{section.4}{\376\377\000E\000x\000e\000c\000u\000t\000i\000o\000n\000\040\000F\000l\000o\000w}{}% 4
\BOOKMARK [1][-]{section.5}{\376\377\000F\000F\000I\000\040\000B\000o\000u\000n\000d\000a\000r\000y}{}% 5
\BOOKMARK [1][-]{section.6}{\376\377\000B\000u\000i\000l\000d\000\040\000a\000n\000d\000\040\000D\000e\000p\000e\000n\000d\000e\000n\000c\000i\000e\000s}{}% 6
\BOOKMARK [2][-]{subsection.6.1}{\376\377\000R\000u\000s\000t\000\040\000C\000r\000a\000t\000e\000s}{section.6}% 7
\BOOKMARK [2][-]{subsection.6.2}{\376\377\000P\000l\000a\000t\000f\000o\000r\000m\000-\000s\000p\000e\000c\000i\000f\000i\000c\000\040\000L\000i\000n\000k\000i\000n\000g}{section.6}% 8
\BOOKMARK [1][-]{section.7}{\376\377\000H\000o\000w\000\040\000t\000o\000\040\000R\000u\000n}{}% 9
\BOOKMARK [1][-]{section.8}{\376\377\000C\000u\000r\000r\000e\000n\000t\000\040\000S\000t\000a\000t\000e}{}% 10
\BOOKMARK [1][-]{section.9}{\376\377\000K\000n\000o\000w\000n\000\040\000G\000a\000p\000s}{}% 11
\BOOKMARK [1][-]{section.10}{\376\377\000S\000u\000g\000g\000e\000s\000t\000e\000d\000\040\000R\000o\000a\000d\000m\000a\000p}{}% 12
\BOOKMARK [1][-]{section.11}{\376\377\000T\000r\000o\000u\000b\000l\000e\000s\000h\000o\000o\000t\000i\000n\000g\000\040\000N\000o\000t\000e\000s}{}% 13
\BOOKMARK [1][-]{section.12}{\376\377\000R\000e\000f\000e\000r\000e\000n\000c\000e\000\040\000S\000n\000a\000p\000s\000h\000o\000t}{}% 14
\BOOKMARK [1][-]{section.13}{\376\377\000F\000e\000a\000t\000u\000r\000e\000\040\000U\000p\000d\000a\000t\000e\000s\000\040\000-\000\040\000J\000u\000n\000e\000\040\0002\0000\0002\0006}{}% 15
\BOOKMARK [2][-]{subsection.13.1}{\376\377\0001\000.\000\040\000C\000L\000I\000\040\000A\000r\000g\000u\000m\000e\000n\000t\000\040\000P\000a\000r\000s\000i\000n\000g}{section.13}% 16
\BOOKMARK [2][-]{subsection.13.2}{\376\377\0002\000.\000\040\000V\000o\000c\000a\000b\000u\000l\000a\000r\000y\000\040\000S\000e\000r\000i\000a\000l\000i\000z\000a\000t\000i\000o\000n\000\040\000\050\000J\000S\000O\000N\000\040\000F\000o\000r\000m\000a\000t\000\051}{section.13}% 17
\BOOKMARK [2][-]{subsection.13.3}{\376\377\0003\000.\000\040\000T\000o\000k\000e\000n\000i\000z\000e\000r\000\040\000I\000n\000f\000e\000r\000e\000n\000c\000e\000\040\000M\000o\000d\000e}{section.13}% 18
\BOOKMARK [2][-]{subsection.13.4}{\376\377\0004\000.\000\040\000C\000o\000m\000p\000r\000e\000h\000e\000n\000s\000i\000v\000e\000\040\000U\000n\000i\000t\000\040\000T\000e\000s\000t\000s}{section.13}% 19
\BOOKMARK [2][-]{subsection.13.5}{\376\377\000D\000e\000v\000e\000l\000o\000p\000m\000e\000n\000t\000\040\000B\000r\000a\000n\000c\000h\000\040\000S\000t\000a\000t\000u\000s}{section.13}% 20
\BOOKMARK [1][-]{section.14}{\376\377\000A\000d\000v\000a\000n\000c\000e\000d\000\040\000F\000e\000a\000t\000u\000r\000e\000s\000\040\000-\000\040\000J\000u\000n\000e\000\040\0001\0007\000,\000\040\0002\0000\0002\0006}{}% 21
\BOOKMARK [2][-]{subsection.14.1}{\376\377\0005\000.\000\040\000L\000i\000b\000r\000a\000r\000y\000\040\000A\000r\000c\000h\000i\000t\000e\000c\000t\000u\000r\000e\000\040\000R\000e\000f\000a\000c\000t\000o\000r}{section.14}% 22
\BOOKMARK [2][-]{subsection.14.2}{\376\377\0006\000.\000\040\000C\000o\000n\000t\000i\000n\000u\000o\000u\000s\000\040\000I\000n\000t\000e\000g\000r\000a\000t\000i\000o\000n\000\040\000\046\000\040\000D\000e\000p\000l\000o\000y\000m\000e\000n\000t}{section.14}% 23
\BOOKMARK [2][-]{subsection.14.3}{\376\377\0007\000.\000\040\000C\000o\000m\000p\000r\000e\000h\000e\000n\000s\000i\000v\000e\000\040\000E\000x\000p\000e\000r\000i\000m\000e\000n\000t\000\040\000M\000a\000t\000r\000i\000x}{section.14}% 24
\BOOKMARK [1][-]{section.15}{\376\377\000R\000e\000f\000e\000r\000e\000n\000c\000e\000\040\000S\000n\000a\000p\000s\000h\000o\000t\000\040\000\050\000F\000i\000n\000a\000l\000\040\000U\000p\000d\000a\000t\000e\000\051}{}% 25
\BOOKMARK [1][-]{section.16}{\376\377\000A\000d\000d\000i\000t\000i\000o\000n\000a\000l\000\040\000R\000e\000f\000e\000r\000e\000n\000c\000e\000s\000\040\000f\000o\000r\000\040\000S\000L\000M\000\040\000R\000e\000s\000e\000a\000r\000c\000h}{}% 26
\BOOKMARK [1][-]{appendix.A}{\376\377\000P\000r\000o\000j\000e\000c\000t\000\040\000R\000o\000a\000d\000m\000a\000p\000:\000\040\000P\000h\000y\000s\000i\000c\000s\000\040\000R\000e\000s\000e\000a\000r\000c\000h\000\040\000A\000s\000s\000i\000s\000t\000a\000n\000t\000\040\000S\000L\000M}{}% 27
\BOOKMARK [2][-]{subsection.A.1}{\376\377\000F\000i\000n\000a\000l\000\040\000G\000o\000a\000l}{appendix.A}% 28
\BOOKMARK [2][-]{subsection.A.2}{\376\377\000C\000u\000r\000r\000e\000n\000t\000\040\000S\000t\000a\000t\000u\000s}{appendix.A}% 29
\BOOKMARK [2][-]{subsection.A.3}{\376\377\000P\000h\000a\000s\000e\000\040\0001\000:\000\040\000E\000n\000v\000i\000r\000o\000n\000m\000e\000n\000t\000\040\000\046\000\040\000D\000a\000t\000a\000\040\000P\000i\000p\000e\000l\000i\000n\000e\000\040\000\050\000W\000e\000e\000k\000\040\0001\040\023\0002\000\051}{appendix.A}% 30
\BOOKMARK [3][-]{subsubsection.A.3.1}{\376\377\0001\000.\0001\000\040\000P\000y\000t\000h\000o\000n\000\040\000E\000n\000v\000i\000r\000o\000n\000m\000e\000n\000t\000\040\000S\000e\000t\000u\000p}{subsection.A.3}% 31
\BOOKMARK [3][-]{subsubsection.A.3.2}{\376\377\0001\000.\0002\000\040\000P\000h\000y\000s\000i\000c\000s\000\040\000P\000a\000p\000e\000r\000s\000\040\000D\000a\000t\000a\000s\000e\000t\000\040\000A\000c\000q\000u\000i\000s\000i\000t\000i\000o\000n}{subsection.A.3}% 32
\BOOKMARK [3][-]{subsubsection.A.3.3}{\376\377\0001\000.\0003\000\040\000D\000a\000t\000a\000\040\000P\000r\000e\000p\000r\000o\000c\000e\000s\000s\000i\000n\000g\000\040\000P\000i\000p\000e\000l\000i\000n\000e}{subsection.A.3}% 33
\BOOKMARK [3][-]{subsubsection.A.3.4}{\376\377\0001\000.\0004\000\040\000T\000o\000k\000e\000n\000i\000z\000e\000\040\000D\000a\000t\000a\000s\000e\000t}{subsection.A.3}% 34
\BOOKMARK [2][-]{subsection.A.4}{\376\377\000P\000h\000a\000s\000e\000\040\0002\000:\000\040\000B\000a\000s\000e\000\040\000S\000L\000M\000\040\000T\000r\000a\000i\000n\000i\000n\000g\000\040\000\050\000W\000e\000e\000k\000\040\0003\040\023\0005\000\051}{appendix.A}% 35
\BOOKMARK [2][-]{subsection.A.5}{\376\377\000P\000h\000a\000s\000e\000\040\0003\000:\000\040\000L\000o\000R\000A\000\040\000F\000i\000n\000e\000-\000t\000u\000n\000i\000n\000g\000\040\000\050\000W\000e\000e\000k\000\040\0006\040\023\0007\000\051}{appendix.A}% 36
\BOOKMARK [2][-]{subsection.A.6}{\376\377\000P\000h\000a\000s\000e\000\040\0004\000:\000\040\000R\000A\000G\000\040\000I\000n\000t\000e\000g\000r\000a\000t\000i\000o\000n\000\040\000\050\000W\000e\000e\000k\000\040\0008\040\023\0009\000\051}{appendix.A}% 37
\BOOKMARK [2][-]{subsection.A.7}{\376\377\000P\000h\000a\000s\000e\000\040\0005\000:\000\040\000T\000o\000o\000l\000-\000U\000s\000i\000n\000g\000\040\000A\000g\000e\000n\000t\000s\000\040\000\050\000W\000e\000e\000k\000\040\0001\0000\040\023\0001\0001\000\051}{appendix.A}% 38
\BOOKMARK [2][-]{subsection.A.8}{\376\377\000P\000h\000a\000s\000e\000\040\0006\000:\000\040\000D\000e\000p\000l\000o\000y\000m\000e\000n\000t\000\040\000\050\000W\000e\000e\000k\000\040\0001\0002\000+\000\051}{appendix.A}% 39
\BOOKMARK [2][-]{subsection.A.9}{\376\377\000T\000i\000m\000e\000l\000i\000n\000e}{appendix.A}% 40
\BOOKMARK [2][-]{subsection.A.10}{\376\377\000S\000o\000f\000t\000w\000a\000r\000e\000\040\000R\000e\000q\000u\000i\000r\000e\000m\000e\000n\000t\000s}{appendix.A}% 41
\BOOKMARK [2][-]{subsection.A.11}{\376\377\000H\000a\000r\000d\000w\000a\000r\000e\000\040\000R\000e\000q\000u\000i\000r\000e\000m\000e\000n\000t\000s}{appendix.A}% 42
\BOOKMARK [2][-]{subsection.A.12}{\376\377\000S\000u\000c\000c\000e\000s\000s\000\040\000C\000r\000i\000t\000e\000r\000i\000a}{appendix.A}% 43
