Training on mps | Tokenizer: /Users/jdsingh/slm_v0/subword_tokenizer/model_32k.json
Config => category=physics, max_papers=50000, batch_size=4, seq_len=256, epochs=1, min_tokens=50, stream_max_retries=40, stream_retry_backoff_seconds=5, save_every_steps=500
Model => vocab_size=32000, d_model=384, n_layers=6, n_heads=4, approx_params=35,192,832

=== Epoch 1 ===
  Step 10 | Loss: 1.7304 (ce=1.7304, eos_pen=0.000000, eos_mean=0.0001)
  Step 20 | Loss: 0.8199 (ce=0.8199, eos_pen=0.000000, eos_mean=0.0001)
  Step 30 | Loss: 0.6129 (ce=0.6129, eos_pen=0.000000, eos_mean=0.0002)
  Step 40 | Loss: 0.5965 (ce=0.5965, eos_pen=0.000000, eos_mean=0.0005)
  Step 50 | Loss: 0.5320 (ce=0.5320, eos_pen=0.000000, eos_mean=0.0010)
  Step 60 | Loss: 0.5319 (ce=0.5319, eos_pen=0.000000, eos_mean=0.0018)
  Step 70 | Loss: 0.4983 (ce=0.4983, eos_pen=0.000000, eos_mean=0.0019)
  Step 80 | Loss: 0.5122 (ce=0.5122, eos_pen=0.000000, eos_mean=0.0019)
  Step 90 | Loss: 0.5117 (ce=0.5117, eos_pen=0.000000, eos_mean=0.0019)
  Step 100 | Loss: 0.5242 (ce=0.5242, eos_pen=0.000000, eos_mean=0.0018)
  [gen-eval] step=100 avg_gen_tokens=32.00 max_gen_tokens=32 avg_eos_prob=0.0024
  [gen-eval] improvement hit 1/2 (target avg_gen_tokens >= 10.0)
  Step 110 | Loss: 0.4743 (ce=0.4743, eos_pen=0.000000, eos_mean=0.0017)
  Step 120 | Loss: 0.4841 (ce=0.4841, eos_pen=0.000000, eos_mean=0.0016)
  Step 130 | Loss: 0.4403 (ce=0.4403, eos_pen=0.000000, eos_mean=0.0019)
  Step 140 | Loss: 0.4916 (ce=0.4916, eos_pen=0.000000, eos_mean=0.0019)
  Step 150 | Loss: 0.4743 (ce=0.4743, eos_pen=0.000000, eos_mean=0.0019)
  Step 160 | Loss: 0.4919 (ce=0.4919, eos_pen=0.000000, eos_mean=0.0019)
  Step 170 | Loss: 0.4925 (ce=0.4925, eos_pen=0.000000, eos_mean=0.0020)
  Step 180 | Loss: 0.5076 (ce=0.5076, eos_pen=0.000000, eos_mean=0.0018)
  Step 190 | Loss: 0.5052 (ce=0.5052, eos_pen=0.000000, eos_mean=0.0022)
  Step 200 | Loss: 0.5014 (ce=0.5014, eos_pen=0.000000, eos_mean=0.0019)
  [gen-eval] step=200 avg_gen_tokens=32.00 max_gen_tokens=32 avg_eos_prob=0.0454
  [gen-eval] improvement hit 2/2 (target avg_gen_tokens >= 10.0)
  [early-stop] generation target reached for 2 evals. Stopping training early.
Early stopping completed at epoch boundary.
Saved early-stop checkpoint: /Users/jdsingh/slm_v0/checkpoints/prototype_genfix_epoch1_earlystop.pt
Run summary: /Users/jdsingh/slm_v0/checkpoints/prototype_genfix_summary.json
